waiting for the overnight chain (pid 3223311) ...
chain finished at Tue Aug 18 08:09:43 AM IDT 2026
=== completed 3D runs ===
24
=== 1. trade-off table ===
| run | variant | λ | SVF | Dice | Δ vs initial | folding % | inv-consistency |
|---|---|---|---|---|---|---|---|
| 3d_baseline_lam0.05_svf | baseline | 0.05 | yes | 0.7977 | +0.1681 | 0.000 | 0.0189 |
| 3d_baseline_lam0.05_disp | baseline | 0.05 | no | 0.7925 | +0.1630 | 0.088 | — |
| 3d_baseline_lam0.1_disp_seed3 | baseline | 0.1 | no | 0.7920 | +0.1625 | 0.017 | — |
| 3d_lambda_field_lam0.1_svf | lambda_field | 0.1 | yes | 0.7908 | +0.1613 | 0.000 | 0.0234 |
| 3d_lambda_field_lam0.25_svf | lambda_field | 0.25 | yes | 0.7906 | +0.1611 | 0.000 | 0.0128 |
| 3d_baseline_lam0.1_disp_seed1 | baseline | 0.1 | no | 0.7898 | +0.1602 | 0.022 | — |
| 3d_baseline_lam0.1_disp_seed0 | baseline | 0.1 | no | 0.7894 | +0.1599 | 0.018 | — |
| 3d_baseline_lam0.1_svf | baseline | 0.1 | yes | 0.7892 | +0.1597 | 0.000 | 0.0117 |
| 3d_baseline_lam0.1_disp | baseline | 0.1 | no | 0.7892 | +0.1597 | 0.014 | — |
| 3d_baseline_lam0.1_disp_seed2 | baseline | 0.1 | no | 0.7882 | +0.1587 | 0.016 | — |
| 3d_baseline_lam0.1_disp_seed4 | baseline | 0.1 | no | 0.7874 | +0.1579 | 0.018 | — |
| 3d_lambda_field_lam0.25_disp | lambda_field | 0.25 | no | 0.7858 | +0.1563 | 0.024 | — |
| 3d_lambda_field_lam0.1_disp | lambda_field | 0.1 | no | 0.7849 | +0.1554 | 0.207 | — |
| 3d_lambda_field_lam0.1_disp_seed1 | lambda_field | 0.1 | no | 0.7848 | +0.1553 | 0.219 | — |
| 3d_lambda_field_lam0.1_disp_seed0 | lambda_field | 0.1 | no | 0.7847 | +0.1552 | 0.201 | — |
| 3d_lambda_field_lam0.05_svf | lambda_field | 0.05 | yes | 0.7832 | +0.1537 | 0.000 | 0.0373 |
| 3d_lambda_field_lam0.1_disp_seed3 | lambda_field | 0.1 | no | 0.7800 | +0.1505 | 0.182 | — |
| 3d_lambda_field_lam0.05_disp | lambda_field | 0.05 | no | 0.7789 | +0.1494 | 0.610 | — |
| 3d_lambda_field_lam0.1_disp_seed2 | lambda_field | 0.1 | no | 0.7757 | +0.1462 | 0.216 | — |
| 3d_baseline_lam0.25_svf | baseline | 0.25 | yes | 0.7692 | +0.1397 | 0.000 | 0.0073 |
| 3d_baseline_lam0.25_disp | baseline | 0.25 | no | 0.7669 | +0.1374 | 0.002 | — |
| 3d_lambda_field_lam0.1_disp_seed4 | lambda_field | 0.1 | no | 0.7489 | +0.1194 | 0.250 | — |
| 3d_cross_attn_lam0.1_svf | cross_attn | 0.1 | yes | 0.6699 | +0.0404 | 0.000 | 0.0083 |
| 3d_cross_attn_lam0.1_disp | cross_attn | 0.1 | no | 0.6683 | +0.0387 | 0.008 | — |
=== best 3D baseline: results/3d_baseline_lam0.05_svf ===
=== 2. paired comparison vs best baseline ===
| 3d_baseline_lam0.1_disp | dice | 0.7977 | 0.7892 | -0.0084 ** | 18/100 | 1.79e-08 | 7.79e-09 |
| 3d_baseline_lam0.1_disp | folding_fraction | 0.0000 | 0.0001 | +0.0001 ** | 0/100 | 3.92e-08 | 3.90e-18 |
| 3d_baseline_lam0.1_svf | dice | 0.7977 | 0.7892 | -0.0084 ** | 14/100 | 3.15e-10 | 2.29e-10 |
| 3d_baseline_lam0.1_svf | folding_fraction | 0.0000 | 0.0000 | -0.0000 | 3/100 | 9.18e-02 | 1.09e-01 |
| 3d_baseline_lam0.1_svf | inverse_consistency | 0.0189 | 0.0117 | -0.0071 ** | 100/100 | 1.05e-79 | 3.90e-18 |
| 3d_baseline_lam0.25_disp | dice | 0.7977 | 0.7669 | -0.0308 ** | 9/100 | 7.19e-23 | 1.11e-14 |
| 3d_baseline_lam0.25_disp | folding_fraction | 0.0000 | 0.0000 | +0.0000 ** | 0/100 | 2.45e-02 | 2.36e-10 |
| 3d_baseline_lam0.25_svf | dice | 0.7977 | 0.7692 | -0.0284 ** | 10/100 | 3.05e-22 | 1.49e-14 |
| 3d_baseline_lam0.25_svf | folding_fraction | 0.0000 | 0.0000 | -0.0000 | 3/100 | 9.18e-02 | 1.09e-01 |
| 3d_baseline_lam0.25_svf | inverse_consistency | 0.0189 | 0.0073 | -0.0116 ** | 100/100 | 1.66e-93 | 3.90e-18 |
| 3d_cross_attn_lam0.1_disp | dice | 0.7977 | 0.6683 | -0.1294 ** | 0/100 | 5.36e-60 | 3.90e-18 |
| 3d_cross_attn_lam0.1_disp | folding_fraction | 0.0000 | 0.0001 | +0.0001 ** | 0/100 | 7.90e-03 | 8.32e-18 |
| 3d_cross_attn_lam0.1_svf | dice | 0.7977 | 0.6699 | -0.1277 ** | 0/100 | 2.55e-58 | 3.90e-18 |
| 3d_cross_attn_lam0.1_svf | folding_fraction | 0.0000 | 0.0000 | -0.0000 | 3/100 | 9.18e-02 | 1.09e-01 |
| 3d_cross_attn_lam0.1_svf | inverse_consistency | 0.0189 | 0.0083 | -0.0105 ** | 100/100 | 3.03e-74 | 3.90e-18 |
| 3d_lambda_field_lam0.05_disp | dice | 0.7977 | 0.7789 | -0.0188 ** | 1/100 | 8.17e-32 | 4.27e-18 |
| 3d_lambda_field_lam0.05_disp | folding_fraction | 0.0000 | 0.0061 | +0.0061 ** | 0/100 | 1.16e-48 | 3.90e-18 |
| 3d_lambda_field_lam0.05_svf | dice | 0.7977 | 0.7832 | -0.0144 ** | 3/100 | 4.99e-26 | 5.77e-18 |
| 3d_lambda_field_lam0.05_svf | folding_fraction | 0.0000 | 0.0000 | +0.0000 ** | 0/100 | 2.52e-04 | 4.33e-12 |
| 3d_lambda_field_lam0.05_svf | inverse_consistency | 0.0189 | 0.0373 | +0.0185 ** | 0/100 | 6.53e-83 | 3.90e-18 |
| 3d_lambda_field_lam0.1_disp | dice | 0.7977 | 0.7849 | -0.0128 ** | 0/100 | 3.47e-30 | 3.90e-18 |
| 3d_lambda_field_lam0.1_disp | folding_fraction | 0.0000 | 0.0021 | +0.0021 ** | 0/100 | 2.42e-32 | 3.90e-18 |
| 3d_lambda_field_lam0.1_svf | dice | 0.7977 | 0.7908 | -0.0069 ** | 8/100 | 1.35e-21 | 6.17e-17 |
| 3d_lambda_field_lam0.1_svf | folding_fraction | 0.0000 | 0.0000 | +0.0000 | 1/100 | 1.01e-01 | 1.52e-02 |
| 3d_lambda_field_lam0.1_svf | inverse_consistency | 0.0189 | 0.0234 | +0.0046 ** | 0/100 | 1.58e-58 | 3.90e-18 |
| 3d_lambda_field_lam0.25_disp | dice | 0.7977 | 0.7858 | -0.0118 ** | 13/100 | 7.04e-15 | 3.34e-12 |
| 3d_lambda_field_lam0.25_disp | folding_fraction | 0.0000 | 0.0002 | +0.0002 ** | 0/100 | 3.32e-09 | 3.90e-18 |
| 3d_lambda_field_lam0.25_svf | dice | 0.7977 | 0.7906 | -0.0070 ** | 20/100 | 4.63e-09 | 1.24e-09 |
| 3d_lambda_field_lam0.25_svf | folding_fraction | 0.0000 | 0.0000 | -0.0000 | 3/100 | 9.18e-02 | 1.09e-01 |
| 3d_lambda_field_lam0.25_svf | inverse_consistency | 0.0189 | 0.0128 | -0.0061 ** | 100/100 | 2.93e-69 | 3.90e-18 |
=== 3. per-structure, lambda-field vs baseline ===
--- results/3d_lambda_field_lam0.1_disp ---
Baseline `3d_baseline_lam0.05_svf` vs candidate `3d_lambda_field_lam0.1_disp` (100 paired evaluations)

| structure | initial | baseline | candidate | base−init | cand−init | cand−base | p |
|---|---|---|---|---|---|---|---|
| Left-Cerebral-White-Matter | 0.629 | 0.813 | 0.816 | +0.183 | +0.187 | +0.004 ** | 1.2e-19 |
| Left-Cerebral-Cortex | 0.502 | 0.697 | 0.700 | +0.195 | +0.198 | +0.003 ** | 4.2e-09 |
| Left-Lateral-Ventricle | 0.597 | 0.881 | 0.875 | +0.284 | +0.278 | -0.007 ** | 2.6e-10 |
| Left-Cerebellum-White-Matter | 0.700 | 0.818 | 0.811 | +0.118 | +0.112 | -0.007 ** | 4.3e-12 |
| Left-Cerebellum-Cortex | 0.754 | 0.865 | 0.859 | +0.111 | +0.105 | -0.005 ** | 1.9e-14 |
| Left-Thalamus | 0.781 | 0.889 | 0.877 | +0.109 | +0.096 | -0.012 ** | 2.1e-18 |
| Left-Caudate | 0.544 | 0.823 | 0.807 | +0.279 | +0.263 | -0.016 ** | 8.5e-08 |
| Left-Putamen | 0.722 | 0.849 | 0.841 | +0.127 | +0.119 | -0.008 ** | 8.8e-06 |
| Left-Pallidum | 0.683 | 0.830 | 0.814 | +0.147 | +0.130 | -0.017 ** | 4.1e-09 |
| 3rd-Ventricle | 0.612 | 0.807 | 0.792 | +0.195 | +0.181 | -0.015 ** | 4.0e-07 |
| 4th-Ventricle | 0.577 | 0.787 | 0.779 | +0.211 | +0.202 | -0.008 ** | 4.3e-06 |
| Brain-Stem | 0.840 | 0.923 | 0.918 | +0.083 | +0.079 | -0.004 ** | 6.2e-09 |
| Left-Hippocampus | 0.629 | 0.759 | 0.740 | +0.131 | +0.112 | -0.019 ** | 1.4e-20 |
| Left-Amygdala | 0.669 | 0.800 | 0.775 | +0.130 | +0.105 | -0.025 ** | 1.6e-11 |
| Left-Accumbens | 0.588 | 0.771 | 0.741 | +0.183 | +0.154 | -0.030 ** | 7.6e-07 |
| Left-Ventral-DC | 0.711 | 0.838 | 0.822 | +0.127 | +0.111 | -0.016 ** | 3.8e-13 |
| Left-Choroid-Plexus | 0.241 | 0.465 | 0.446 | +0.224 | +0.206 | -0.018 ** | 4.0e-06 |
| Right-Cerebral-White-Matter | 0.633 | 0.816 | 0.819 | +0.184 | +0.187 | +0.003 ** | 2.2e-14 |
| Right-Cerebral-Cortex | 0.502 | 0.698 | 0.700 | +0.196 | +0.198 | +0.002 ** | 2.9e-05 |
| Right-Lateral-Ventricle | 0.594 | 0.873 | 0.865 | +0.279 | +0.271 | -0.008 ** | 8.9e-14 |
| Right-Cerebellum-White-Matter | 0.700 | 0.816 | 0.808 | +0.116 | +0.108 | -0.008 ** | 1.7e-15 |
| Right-Cerebellum-Cortex | 0.756 | 0.868 | 0.863 | +0.112 | +0.107 | -0.005 ** | 1.7e-13 |
| Right-Thalamus | 0.776 | 0.890 | 0.880 | +0.114 | +0.103 | -0.011 ** | 1.1e-12 |
| Right-Caudate | 0.557 | 0.815 | 0.797 | +0.259 | +0.240 | -0.018 ** | 1.2e-09 |
| Right-Putamen | 0.726 | 0.847 | 0.833 | +0.121 | +0.107 | -0.015 ** | 2.4e-11 |
| Right-Pallidum | 0.691 | 0.833 | 0.813 | +0.142 | +0.122 | -0.020 ** | 2.0e-08 |
| Right-Hippocampus | 0.623 | 0.768 | 0.749 | +0.146 | +0.127 | -0.019 ** | 1.2e-18 |
| Right-Amygdala | 0.671 | 0.806 | 0.784 | +0.135 | +0.113 | -0.022 ** | 5.4e-11 |
| Right-Accumbens | 0.550 | 0.751 | 0.718 | +0.200 | +0.168 | -0.032 ** | 1.5e-09 |
| Right-Ventral-DC | 0.706 | 0.837 | 0.823 | +0.131 | +0.117 | -0.015 ** | 9.9e-13 |
| Right-Choroid-Plexus | 0.252 | 0.492 | 0.464 | +0.240 | +0.211 | -0.029 ** | 2.7e-12 |
--- results/3d_lambda_field_lam0.25_disp ---
Baseline `3d_baseline_lam0.05_svf` vs candidate `3d_lambda_field_lam0.25_disp` (100 paired evaluations)

| structure | initial | baseline | candidate | base−init | cand−init | cand−base | p |
|---|---|---|---|---|---|---|---|
| Left-Cerebral-White-Matter | 0.629 | 0.813 | 0.788 | +0.183 | +0.159 | -0.025 ** | 1.4e-47 |
| Left-Cerebral-Cortex | 0.502 | 0.697 | 0.659 | +0.195 | +0.157 | -0.038 ** | 1.2e-59 |
| Left-Lateral-Ventricle | 0.597 | 0.881 | 0.874 | +0.284 | +0.277 | -0.008 ** | 1.7e-06 |
| Left-Cerebellum-White-Matter | 0.700 | 0.818 | 0.811 | +0.118 | +0.111 | -0.007 ** | 8.4e-05 |
| Left-Cerebellum-Cortex | 0.754 | 0.865 | 0.851 | +0.111 | +0.097 | -0.014 ** | 4.9e-26 |
| Left-Thalamus | 0.781 | 0.889 | 0.888 | +0.109 | +0.107 | -0.001 | 4.7e-01 |
| Left-Caudate | 0.544 | 0.823 | 0.804 | +0.279 | +0.259 | -0.020 ** | 2.0e-04 |
| Left-Putamen | 0.722 | 0.849 | 0.848 | +0.127 | +0.126 | -0.001 | 6.4e-01 |
| Left-Pallidum | 0.683 | 0.830 | 0.833 | +0.147 | +0.150 | +0.003 | 4.6e-01 |
| 3rd-Ventricle | 0.612 | 0.807 | 0.801 | +0.195 | +0.190 | -0.006 | 1.2e-01 |
| 4th-Ventricle | 0.577 | 0.787 | 0.769 | +0.211 | +0.193 | -0.018 ** | 2.2e-14 |
| Brain-Stem | 0.840 | 0.923 | 0.922 | +0.083 | +0.082 | -0.001 | 2.5e-01 |
| Left-Hippocampus | 0.629 | 0.759 | 0.746 | +0.131 | +0.117 | -0.013 ** | 6.7e-11 |
| Left-Amygdala | 0.669 | 0.800 | 0.786 | +0.130 | +0.117 | -0.014 ** | 1.7e-05 |
| Left-Accumbens | 0.588 | 0.771 | 0.754 | +0.183 | +0.167 | -0.017 ** | 2.2e-04 |
| Left-Ventral-DC | 0.711 | 0.838 | 0.836 | +0.127 | +0.125 | -0.002 | 3.1e-01 |
| Left-Choroid-Plexus | 0.241 | 0.465 | 0.455 | +0.224 | +0.214 | -0.010 ** | 3.1e-04 |
| Right-Cerebral-White-Matter | 0.633 | 0.816 | 0.791 | +0.184 | +0.159 | -0.025 ** | 8.0e-46 |
| Right-Cerebral-Cortex | 0.502 | 0.698 | 0.660 | +0.196 | +0.158 | -0.038 ** | 1.1e-59 |
| Right-Lateral-Ventricle | 0.594 | 0.873 | 0.863 | +0.279 | +0.269 | -0.010 ** | 2.5e-10 |
| Right-Cerebellum-White-Matter | 0.700 | 0.816 | 0.810 | +0.116 | +0.110 | -0.006 ** | 1.1e-03 |
| Right-Cerebellum-Cortex | 0.756 | 0.868 | 0.855 | +0.112 | +0.099 | -0.013 ** | 1.4e-27 |
| Right-Thalamus | 0.776 | 0.890 | 0.889 | +0.114 | +0.112 | -0.002 | 3.0e-01 |
| Right-Caudate | 0.557 | 0.815 | 0.800 | +0.259 | +0.243 | -0.016 ** | 3.0e-05 |
| Right-Putamen | 0.726 | 0.847 | 0.843 | +0.121 | +0.117 | -0.004 | 5.2e-02 |
| Right-Pallidum | 0.691 | 0.833 | 0.842 | +0.142 | +0.151 | +0.009 ** | 1.1e-02 |
| Right-Hippocampus | 0.623 | 0.768 | 0.751 | +0.146 | +0.128 | -0.018 ** | 1.1e-17 |
| Right-Amygdala | 0.671 | 0.806 | 0.792 | +0.135 | +0.120 | -0.014 ** | 1.7e-05 |
| Right-Accumbens | 0.550 | 0.751 | 0.731 | +0.200 | +0.181 | -0.020 ** | 1.0e-05 |
| Right-Ventral-DC | 0.706 | 0.837 | 0.837 | +0.131 | +0.131 | -0.000 | 9.5e-01 |
| Right-Choroid-Plexus | 0.252 | 0.492 | 0.473 | +0.240 | +0.221 | -0.019 ** | 3.6e-09 |
=== 4. lambda-map profile across seeds ===
| structure | 3d_lambda_field_lam0.1_disp_seed0 | 3d_lambda_field_lam0.1_disp_seed1 | 3d_lambda_field_lam0.1_disp_seed2 | 3d_lambda_field_lam0.1_disp_seed3 | 3d_lambda_field_lam0.1_disp_seed4 |
|---|---|---|---|---|---|
| Left-Pallidum | 0.334 | 0.334 | 0.334 | 0.335 | 0.336 |
| Right-Putamen | 0.334 | 0.334 | 0.334 | 0.335 | 0.336 |
| Right-Cerebral-White-Matter | 0.334 | 0.334 | 0.334 | 0.335 | 0.336 |
| Right-Pallidum | 0.334 | 0.334 | 0.334 | 0.335 | 0.336 |
| Left-Cerebral-White-Matter | 0.334 | 0.334 | 0.334 | 0.335 | 0.336 |
| Right-Accumbens | 0.334 | 0.334 | 0.334 | 0.335 | 0.336 |
| Left-Caudate | 0.334 | 0.334 | 0.334 | 0.335 | 0.336 |
| Left-Ventral-DC | 0.334 | 0.334 | 0.334 | 0.335 | 0.336 |
| Left-Putamen | 0.334 | 0.334 | 0.334 | 0.335 | 0.336 |
| Left-Cerebellum-White-Matter | 0.334 | 0.334 | 0.334 | 0.335 | 0.336 |
| Right-Caudate | 0.334 | 0.334 | 0.334 | 0.335 | 0.336 |
| Right-Ventral-DC | 0.334 | 0.334 | 0.334 | 0.335 | 0.336 |
| Right-Thalamus | 0.334 | 0.334 | 0.334 | 0.335 | 0.336 |
| Left-Thalamus | 0.334 | 0.334 | 0.334 | 0.335 | 0.336 |
| Right-Cerebellum-White-Matter | 0.334 | 0.334 | 0.334 | 0.335 | 0.336 |
| Left-Accumbens | 0.334 | 0.334 | 0.334 | 0.335 | 0.336 |
| Left-Amygdala | 0.334 | 0.334 | 0.334 | 0.335 | 0.336 |
| Left-Hippocampus | 0.334 | 0.334 | 0.334 | 0.335 | 0.336 |
| Right-Hippocampus | 0.334 | 0.334 | 0.334 | 0.335 | 0.336 |
| Right-Amygdala | 0.334 | 0.334 | 0.334 | 0.335 | 0.336 |
| Left-Inf-Lat-Ventricle | 0.334 | 0.334 | 0.334 | 0.335 | 0.336 |
| Right-Cerebellum-Cortex | 0.334 | 0.334 | 0.334 | 0.335 | 0.336 |
| Right-Inf-Lat-Ventricle | 0.334 | 0.334 | 0.334 | 0.335 | 0.336 |
| Left-Cerebral-Cortex | 0.334 | 0.334 | 0.334 | 0.335 | 0.336 |
| Right-Cerebral-Cortex | 0.334 | 0.334 | 0.334 | 0.335 | 0.336 |
| 3rd-Ventricle | 0.334 | 0.334 | 0.334 | 0.335 | 0.336 |
| 4th-Ventricle | 0.334 | 0.334 | 0.334 | 0.335 | 0.336 |
| Left-Choroid-Plexus | 0.334 | 0.335 | 0.335 | 0.335 | 0.336 |
| Brain-Stem | 0.334 | 0.334 | 0.334 | 0.335 | 0.336 |
| Left-Cerebellum-Cortex | 0.334 | 0.334 | 0.334 | 0.335 | 0.336 |
| Right-Choroid-Plexus | 0.334 | 0.338 | 0.334 | 0.336 | 0.337 |
| Right-Lateral-Ventricle | 0.334 | 0.340 | 0.335 | 0.336 | 0.338 |
| Left-Lateral-Ventricle | 0.334 | 0.338 | 0.335 | 0.338 | 0.338 |

mean across-seed profile correlation: 0.855
=== 5. ensemble uncertainty ===
--- 3d_baseline_lam0.1_disp ---
Ensemble of 5 seeds (baseline, lambda=0.1), 100 test pairs

| quantity | value |
|---|---|
| Dice, mean displacement field | 0.7925 |
| Dice, average single member | 0.7894 |
| Dice, best member per pair | 0.7937 |
| Δ ensemble - member | +0.0031 (better on 100/100, p=3.31e-57) |
| seed spread within a pair (Dice sd) | 0.0035 |
| mean per-voxel disagreement | 0.2607 voxels |
| max per-voxel disagreement | 3.1477 voxels |
| folding, mean field | 0.013 % |
| uncertainty vs Dice deficit (within-pair Spearman) | +0.160 ± 0.018 (n=100) |

| structure | mean disagreement (voxels) |
|---|---|
| Left-Cerebral-White-Matter | 0.4712 |
| Left-Lateral-Ventricle | 0.4675 |
| Right-Cerebral-White-Matter | 0.4569 |
| Right-Caudate | 0.4490 |
| Right-Pallidum | 0.4479 |
| Right-Lateral-Ventricle | 0.4476 |
| Left-Cerebellum-Cortex | 0.4425 |
| Left-Caudate | 0.4425 |
| Left-Cerebral-Cortex | 0.4398 |
| Right-Cerebellum-Cortex | 0.4375 |
| Right-Cerebral-Cortex | 0.4331 |
| Left-Choroid-Plexus | 0.4280 |
| Left-Thalamus | 0.4216 |
| Left-Cerebellum-White-Matter | 0.4214 |
| Right-Putamen | 0.4210 |
| Left-Pallidum | 0.4176 |
| Right-Thalamus | 0.4136 |
| Right-Cerebellum-White-Matter | 0.4109 |
| Left-Putamen | 0.4079 |
| Right-Choroid-Plexus | 0.4028 |
| Left-Hippocampus | 0.3984 |
| Right-Accumbens | 0.3924 |
| Right-Amygdala | 0.3898 |
| Right-Hippocampus | 0.3882 |
| 3rd-Ventricle | 0.3810 |
| Left-Amygdala | 0.3774 |
| Right-Ventral-DC | 0.3746 |
| Brain-Stem | 0.3663 |
| Left-Ventral-DC | 0.3652 |
| Left-Accumbens | 0.3593 |
| 4th-Ventricle | 0.3501 |

wrote results/uncertainty_3d_baseline_lam0.1_disp.json
wrote results/uncertainty_3d_baseline_lam0.1_disp_example0.npz
--- 3d_lambda_field_lam0.1_disp ---
Ensemble of 5 seeds (lambda_field, lambda=0.1), 100 test pairs

| quantity | value |
|---|---|
| Dice, mean displacement field | 0.7828 |
| Dice, average single member | 0.7748 |
| Dice, best member per pair | 0.7874 |
| Δ ensemble - member | +0.0080 (better on 100/100, p=2.91e-67) |
| seed spread within a pair (Dice sd) | 0.0159 |
| mean per-voxel disagreement | 0.4866 voxels |
| max per-voxel disagreement | 7.7029 voxels |
| folding, mean field | 0.133 % |
| uncertainty vs Dice deficit (within-pair Spearman) | +0.028 ± 0.018 (n=100) |

| structure | mean disagreement (voxels) |
|---|---|
| Left-Pallidum | 1.0243 |
| Left-Putamen | 1.0011 |
| Right-Pallidum | 0.9279 |
| Right-Cerebellum-White-Matter | 0.8796 |
| Right-Caudate | 0.8725 |
| Left-Cerebellum-White-Matter | 0.8713 |
| Left-Caudate | 0.8496 |
| Right-Putamen | 0.8469 |
| Right-Cerebral-White-Matter | 0.8382 |
| Left-Thalamus | 0.8253 |
| Right-Cerebellum-Cortex | 0.8215 |
| Left-Cerebral-White-Matter | 0.8102 |
| Right-Thalamus | 0.8037 |
| Right-Lateral-Ventricle | 0.8029 |
| Left-Cerebellum-Cortex | 0.7843 |
| Left-Lateral-Ventricle | 0.7594 |
| Right-Hippocampus | 0.7413 |
| Right-Cerebral-Cortex | 0.7353 |
| Brain-Stem | 0.7287 |
| Left-Cerebral-Cortex | 0.7242 |
| Right-Choroid-Plexus | 0.7212 |
| Right-Amygdala | 0.7203 |
| Right-Accumbens | 0.7177 |
| Left-Choroid-Plexus | 0.7045 |
| Left-Ventral-DC | 0.6906 |
| 4th-Ventricle | 0.6818 |
| Right-Ventral-DC | 0.6680 |
| 3rd-Ventricle | 0.6496 |
| Left-Amygdala | 0.6446 |
| Left-Hippocampus | 0.6446 |
| Left-Accumbens | 0.6436 |

wrote results/uncertainty_3d_lambda_field_lam0.1_disp.json
wrote results/uncertainty_3d_lambda_field_lam0.1_disp_example0.npz
=== ANALYSIS COMPLETE Tue Aug 18 08:36:52 AM IDT 2026 ===
